cos cos cosc so
